#-----------------------------------------------------------
# Vivado v2024.2 (64-bit)
# SW Build 5239630 on Fri Nov 08 22:34:34 MST 2024
# IP Build 5239520 on Sun Nov 10 16:12:51 MST 2024
# SharedData Build 5239561 on Fri Nov 08 14:39:27 MST 2024
# Start of session at: Wed Apr  1 14:08:33 2026
# Process ID         : 3934117
# Current directory  : /home_cds/std010/SoC_Design_2026_1/Soc_Design_2026_1/Source_Code/session4
# Command line       : vivado
# Log file           : /home_cds/std010/SoC_Design_2026_1/Soc_Design_2026_1/Source_Code/session4/vivado.log
# Journal file       : /home_cds/std010/SoC_Design_2026_1/Soc_Design_2026_1/Source_Code/session4/vivado.jou
# Running On         : ky-cds-semi
# Platform           : RedHatEnterprise
# Operating System   : Red Hat Enterprise Linux release 8.1 (Ootpa)
# Processor Detail   : Intel(R) Xeon(R) Silver 4316 CPU @ 2.30GHz
# CPU Frequency      : 2799.998 MHz
# CPU Physical cores : 40
# CPU Logical cores  : 80
# Host memory        : 540214 MB
# Swap memory        : 34359 MB
# Total Virtual      : 574573 MB
# Available Virtual  : 373546 MB
#-----------------------------------------------------------
start_gui
create_project 1_mux /home_cds/std010/SoC_Design_2026_1/Soc_Design_2026_1/Source_Code/session4/1_mux -part xc7z020clg400-1
set_property board_part digilentinc.com:zybo-z7-20:part0:1.1 [current_project]
file mkdir /home_cds/std010/SoC_Design_2026_1/Soc_Design_2026_1/Source_Code/session4/1_mux/1_mux.srcs/sources_1/new
close [ open /home_cds/std010/SoC_Design_2026_1/Soc_Design_2026_1/Source_Code/session4/1_mux/1_mux.srcs/sources_1/new/peri_mux_io.v w ]
add_files /home_cds/std010/SoC_Design_2026_1/Soc_Design_2026_1/Source_Code/session4/1_mux/1_mux.srcs/sources_1/new/peri_mux_io.v
update_compile_order -fileset sources_1
file mkdir /home_cds/std010/SoC_Design_2026_1/Soc_Design_2026_1/Source_Code/session4/1_mux/1_mux.srcs/sim_1/new
set_property SOURCE_SET sources_1 [get_filesets sim_1]
close [ open /home_cds/std010/SoC_Design_2026_1/Soc_Design_2026_1/Source_Code/session4/1_mux/1_mux.srcs/sim_1/new/tb_peri_mux_io.v w ]
add_files -fileset sim_1 /home_cds/std010/SoC_Design_2026_1/Soc_Design_2026_1/Source_Code/session4/1_mux/1_mux.srcs/sim_1/new/tb_peri_mux_io.v
update_compile_order -fileset sim_1
synth_design -top peri_mux_io -part xc7z020clg400-1 -lint 
update_compile_order -fileset sim_1
update_compile_order -fileset sim_1
update_compile_order -fileset sim_1
synth_design -top peri_mux_io -part xc7z020clg400-1 -lint 
launch_runs synth_1 -jobs 40
wait_on_run synth_1
open_run synth_1 -name synth_1
launch_simulation -mode post-synthesis -type functional
close_project
create_project 3_decoder /home_cds/std010/SoC_Design_2026_1/Soc_Design_2026_1/Source_Code/session4/3_decoder -part xc7z020clg400-1
set_property board_part digilentinc.com:zybo-z7-20:part0:1.1 [current_project]
file mkdir /home_cds/std010/SoC_Design_2026_1/Soc_Design_2026_1/Source_Code/session4/3_decoder/3_decoder.srcs/sources_1/new
close [ open /home_cds/std010/SoC_Design_2026_1/Soc_Design_2026_1/Source_Code/session4/3_decoder/3_decoder.srcs/sources_1/new/bcdtoseg.v w ]
add_files /home_cds/std010/SoC_Design_2026_1/Soc_Design_2026_1/Source_Code/session4/3_decoder/3_decoder.srcs/sources_1/new/bcdtoseg.v
update_compile_order -fileset sources_1
file mkdir /home_cds/std010/SoC_Design_2026_1/Soc_Design_2026_1/Source_Code/session4/3_decoder/3_decoder.srcs/sim_1/new
set_property SOURCE_SET sources_1 [get_filesets sim_1]
close [ open /home_cds/std010/SoC_Design_2026_1/Soc_Design_2026_1/Source_Code/session4/3_decoder/3_decoder.srcs/sim_1/new/tb_bcdtoseg.v w ]
add_files -fileset sim_1 /home_cds/std010/SoC_Design_2026_1/Soc_Design_2026_1/Source_Code/session4/3_decoder/3_decoder.srcs/sim_1/new/tb_bcdtoseg.v
update_compile_order -fileset sim_1
update_compile_order -fileset sim_1
launch_simulation
launch_simulation
